#-----------------------------------------------------------
# Vivado v2018.3 (64-bit)
# SW Build 2405991 on Thu Dec  6 23:38:27 MST 2018
# IP Build 2404404 on Fri Dec  7 01:43:56 MST 2018
# Start of session at: Tue Jun  8 14:59:40 2021
# Process ID: 844
# Current directory: D:/Dokumenty/Pulpit/RLC/ZynQ/RLC_Z
# Command line: vivado.exe -gui_launcher_event rodinguilauncherevent1784 D:\Dokumenty\Pulpit\RLC\ZynQ\RLC_Z\RLC_Z.xpr
# Log file: D:/Dokumenty/Pulpit/RLC/ZynQ/RLC_Z/vivado.log
# Journal file: D:/Dokumenty/Pulpit/RLC/ZynQ/RLC_Z\vivado.jou
#-----------------------------------------------------------
start_gui
open_project D:/Dokumenty/Pulpit/RLC/ZynQ/RLC_Z/RLC_Z.xpr
update_compile_order -fileset sources_1
reset_run synth_1
launch_runs impl_1 -to_step write_bitstream -jobs 8
wait_on_run impl_1
file mkdir D:/Dokumenty/Pulpit/RLC/ZynQ/RLC_Z/RLC_Z.sdk
file copy -force D:/Dokumenty/Pulpit/RLC/ZynQ/RLC_Z/RLC_Z.runs/impl_1/rlc_design_wrapper.sysdef D:/Dokumenty/Pulpit/RLC/ZynQ/RLC_Z/RLC_Z.sdk/rlc_design_wrapper.hdf

launch_sdk -workspace D:/Dokumenty/Pulpit/RLC/ZynQ/RLC_Z/RLC_Z.sdk -hwspec D:/Dokumenty/Pulpit/RLC/ZynQ/RLC_Z/RLC_Z.sdk/rlc_design_wrapper.hdf
